// Jest Snapshot v1, https://goo.gl/fbAQLP

exports[`Requirements() Component should take a snapshot 1`] = `
<DocumentFragment>
  <div
    class="col-md-6"
  >
    <canvas
      height="0"
      role="img"
      style="display: block; box-sizing: border-box; height: 0px; width: 0px;"
      width="0"
    />
  </div>
</DocumentFragment>
`;
