// Jest Snapshot v1, https://goo.gl/fbAQLP

exports[`Testing Skills() Component should take a snapshot 1`] = `
<DocumentFragment>
  <div
    class="row"
  >
    <h3>
      Skills
    </h3>
    <div
      class="form-inline form-group mb-2"
    >
      <label>
        Skill 1
      </label>
      <input
        name="skill"
        style="padding: 2px; text-align: left; margin-right: 5px; margin-left: 5px;"
        type="text"
        value="Thing 1"
      />
      <button
        class="btn btn-danger"
        type="button"
      >
        Remove
      </button>
    </div>
    <div
      class="form-inline form-group mb-2"
    >
      <label>
        Skill 2
      </label>
      <input
        name="skill"
        style="padding: 2px; text-align: left; margin-right: 5px; margin-left: 5px;"
        type="text"
        value="Thing 2"
      />
      <button
        class="btn btn-danger"
        type="button"
      >
        Remove
      </button>
    </div>
    <div
      class="form-inline form-group mb-2"
    >
      <label>
        Skill 3
      </label>
      <input
        name="skill"
        style="padding: 2px; text-align: left; margin-right: 5px; margin-left: 5px;"
        type="text"
        value="Thing 3"
      />
      <button
        class="btn btn-danger"
        type="button"
      >
        Remove
      </button>
    </div>
    <div
      class="form-inline form-group mb-2"
    >
      <label>
        Skill 4
      </label>
      <input
        name="skill"
        style="padding: 2px; text-align: left; margin-right: 5px; margin-left: 5px;"
        type="text"
        value="Thing 4"
      />
      <button
        class="btn btn-danger"
        type="button"
      >
        Remove
      </button>
    </div>
    <div
      class="form-inline form-group mb-2"
    >
      <label>
        Skill 5
      </label>
      <input
        name="skill"
        style="padding: 2px; text-align: left; margin-right: 5px; margin-left: 5px;"
        type="text"
        value="Thing 5"
      />
      <button
        class="btn btn-danger"
        type="button"
      >
        Remove
      </button>
    </div>
    <div
      class="form-inline form-group mb-2"
    >
      <label>
        Skill 6
      </label>
      <input
        name="skill"
        style="padding: 2px; text-align: left; margin-right: 5px; margin-left: 5px;"
        type="text"
        value="Thing 6"
      />
      <button
        class="btn btn-danger"
        type="button"
      >
        Remove
      </button>
    </div>
    <div
      class="button-section"
    >
      <button
        class="btn btn-primary"
        type="button"
      >
        Add
      </button>
    </div>
  </div>
</DocumentFragment>
`;
